    cutoff previous_model_cutoff selected_model_cutoff  mandatory  refit    ratio
2020-12-31                                  2020-12-31       True   True      NaN
2021-03-31            2020-12-31            2020-12-31      False  False 0.544898
2021-06-30            2020-12-31            2020-12-31      False  False 0.157311
2021-09-30            2020-12-31            2020-12-31      False  False 0.177240
2021-12-31            2020-12-31            2021-12-31       True   True      NaN
2022-03-31            2021-12-31            2021-12-31      False  False 0.492459
2022-06-30            2021-12-31            2021-12-31      False  False 0.848485
2022-09-30            2021-12-31            2021-12-31      False  False 0.050505
2022-12-31            2021-12-31            2022-12-31       True   True      NaN
2023-03-31            2022-12-31            2022-12-31      False  False 0.886742
2023-06-30            2022-12-31            2022-12-31      False  False 0.432768
2023-09-30            2022-12-31            2022-12-31      False  False 0.265899
2023-12-31            2022-12-31            2023-12-31       True   True      NaN
2024-03-31            2023-12-31            2023-12-31      False  False 0.502271
2024-06-30            2023-12-31            2023-12-31      False  False 0.588623
2024-09-30            2023-12-31            2023-12-31      False  False 0.013452
2024-12-31            2023-12-31            2024-12-31       True   True      NaN
2025-03-31            2024-12-31            2025-03-31      False   True 1.733537
2025-06-30            2025-03-31            2025-03-31      False  False 0.048637
2025-09-30            2025-03-31            2025-09-30      False   True 1.229548
2025-12-31            2025-09-30            2025-12-31       True   True      NaN
2026-03-31            2025-12-31            2025-12-31      False  False 0.201882
2026-06-30            2025-12-31            2025-12-31      False  False 0.105206
Policy frozen: 8 refit dates, 13 missing model-weeks; no new neural training.

EXIT_CODE=0
